/*
 * Copyright Camunda Services GmbH and/or licensed to Camunda Services GmbH under
 * one or more contributor license agreements. See the NOTICE file distributed
 * with this work for additional information regarding copyright ownership.
 * Licensed under the Camunda License 1.0. You may not use this file
 * except in compliance with the Camunda License 1.0.
 */
package io.camunda.zeebe.engine.state.appliers;

import io.camunda.zeebe.engine.state.TypedEventApplier;
import io.camunda.zeebe.engine.state.mutable.MutableDistributionState;
import io.camunda.zeebe.protocol.impl.record.value.distribution.CommandDistributionRecord;
import io.camunda.zeebe.protocol.record.intent.CommandDistributionIntent;

public class CommandDistributionEnqueuedApplier
    implements TypedEventApplier<CommandDistributionIntent, CommandDistributionRecord> {

  private final MutableDistributionState distributionState;

  public CommandDistributionEnqueuedApplier(final MutableDistributionState distributionState) {
    this.distributionState = distributionState;
  }

  @Override
  public void applyState(final long key, final CommandDistributionRecord value) {
    distributionState.addPendingDistribution(key, value.getPartitionId());
    distributionState.enqueueCommandDistribution(value.getQueueId(), key, value.getPartitionId());
  }
}
