/*
 * Copyright Camunda Services GmbH and/or licensed to Camunda Services GmbH under
 * one or more contributor license agreements. See the NOTICE file distributed
 * with this work for additional information regarding copyright ownership.
 * Licensed under the Zeebe Community License 1.1. You may not use this file
 * except in compliance with the Zeebe Community License 1.1.
 */
package io.camunda.zeebe.engine.state.appliers;

import io.camunda.zeebe.engine.state.TypedEventApplier;
import io.camunda.zeebe.engine.state.instance.TimerInstance;
import io.camunda.zeebe.engine.state.mutable.MutableTimerInstanceState;
import io.camunda.zeebe.protocol.impl.record.value.timer.TimerRecord;
import io.camunda.zeebe.protocol.record.intent.TimerIntent;

final class TimerCreatedApplier implements TypedEventApplier<TimerIntent, TimerRecord> {

  private final MutableTimerInstanceState timerInstanceState;
  private final TimerInstance timerInstance = new TimerInstance();

  TimerCreatedApplier(final MutableTimerInstanceState timerInstanceState) {
    this.timerInstanceState = timerInstanceState;
  }

  @Override
  public void applyState(final long key, final TimerRecord value) {
    timerInstance.setElementInstanceKey(value.getElementInstanceKey());
    timerInstance.setDueDate(value.getDueDate());
    timerInstance.setKey(key);
    timerInstance.setHandlerNodeId(value.getTargetElementIdBuffer());
    timerInstance.setRepetitions(value.getRepetitions());
    timerInstance.setProcessDefinitionKey(value.getProcessDefinitionKey());
    timerInstance.setProcessInstanceKey(value.getProcessInstanceKey());
    timerInstance.setTenantId(value.getTenantId());

    timerInstanceState.store(timerInstance);
  }
}
