/*
 * Copyright Camunda Services GmbH and/or licensed to Camunda Services GmbH under
 * one or more contributor license agreements. See the NOTICE file distributed
 * with this work for additional information regarding copyright ownership.
 * Licensed under the Camunda License 1.0. You may not use this file
 * except in compliance with the Camunda License 1.0.
 */
package io.camunda.zeebe.protocol.impl.record.value.processinstance;

import com.fasterxml.jackson.annotation.JsonIgnore;
import io.camunda.zeebe.msgpack.property.DocumentProperty;
import io.camunda.zeebe.msgpack.property.LongProperty;
import io.camunda.zeebe.msgpack.property.StringProperty;
import io.camunda.zeebe.protocol.impl.encoding.MsgPackConverter;
import io.camunda.zeebe.protocol.impl.record.UnifiedRecordValue;
import io.camunda.zeebe.protocol.record.value.ProcessEventRecordValue;
import io.camunda.zeebe.protocol.record.value.TenantOwned;
import io.camunda.zeebe.util.buffer.BufferUtil;
import java.util.Map;
import org.agrona.DirectBuffer;

@SuppressWarnings("java:S2160")
public final class ProcessEventRecord extends UnifiedRecordValue
    implements ProcessEventRecordValue {
  private final LongProperty scopeKeyProperty = new LongProperty("scopeKey");
  private final StringProperty targetElementIdProperty = new StringProperty("targetElementId");
  private final DocumentProperty variablesProperty = new DocumentProperty("variables");
  private final LongProperty processDefinitionKeyProperty =
      new LongProperty("processDefinitionKey", -1);
  private final LongProperty processInstanceKeyProperty =
      new LongProperty("processInstanceKey", -1);

  private final StringProperty tenantIdProperty =
      new StringProperty("tenantId", TenantOwned.DEFAULT_TENANT_IDENTIFIER);

  public ProcessEventRecord() {
    super(6);
    declareProperty(scopeKeyProperty)
        .declareProperty(targetElementIdProperty)
        .declareProperty(variablesProperty)
        .declareProperty(processDefinitionKeyProperty)
        .declareProperty(processInstanceKeyProperty)
        .declareProperty(tenantIdProperty);
  }

  public ProcessEventRecord wrap(final ProcessEventRecord record) {
    scopeKeyProperty.setValue(record.getScopeKey());
    targetElementIdProperty.setValue(record.getTargetElementIdBuffer());
    variablesProperty.setValue(record.getVariablesBuffer());
    processDefinitionKeyProperty.setValue(record.getProcessDefinitionKey());
    processInstanceKeyProperty.setValue(record.getProcessInstanceKey());
    tenantIdProperty.setValue(record.getTenantId());

    return this;
  }

  @JsonIgnore
  public DirectBuffer getTargetElementIdBuffer() {
    return targetElementIdProperty.getValue();
  }

  public ProcessEventRecord setTargetElementIdBuffer(final DirectBuffer targetElementIdBuffer) {
    targetElementIdProperty.setValue(targetElementIdBuffer);
    return this;
  }

  @JsonIgnore
  public DirectBuffer getVariablesBuffer() {
    return variablesProperty.getValue();
  }

  public ProcessEventRecord setVariablesBuffer(final DirectBuffer variablesBuffer) {
    variablesProperty.setValue(variablesBuffer);
    return this;
  }

  @Override
  public Map<String, Object> getVariables() {
    return MsgPackConverter.convertToMap(getVariablesBuffer());
  }

  @Override
  public long getScopeKey() {
    return scopeKeyProperty.getValue();
  }

  public ProcessEventRecord setScopeKey(final long scopeKey) {
    scopeKeyProperty.setValue(scopeKey);
    return this;
  }

  @Override
  public String getTargetElementId() {
    return BufferUtil.bufferAsString(getTargetElementIdBuffer());
  }

  @Override
  public long getProcessDefinitionKey() {
    return processDefinitionKeyProperty.getValue();
  }

  public ProcessEventRecord setProcessDefinitionKey(final long processDefinitionKey) {
    processDefinitionKeyProperty.setValue(processDefinitionKey);
    return this;
  }

  @Override
  public long getProcessInstanceKey() {
    return processInstanceKeyProperty.getValue();
  }

  public ProcessEventRecord setProcessInstanceKey(final long processInstanceKey) {
    processInstanceKeyProperty.setValue(processInstanceKey);
    return this;
  }

  @Override
  public String getTenantId() {
    return BufferUtil.bufferAsString(tenantIdProperty.getValue());
  }

  public ProcessEventRecord setTenantId(final String tenantId) {
    tenantIdProperty.setValue(tenantId);
    return this;
  }
}
